int(2)
int(144)
int(6)
int(9)
InvalidArgumentException: bad input 7
Error: Call to undefined function missing_fn()
int(1)
transfer: an object backed by a native handle cannot be transferred between threads (at args[0])
int(2470)
timeout
bool(false)
string(9) "slept 300"
bool(true)
cancelled
array(2) {
}
bool(true)
bool(true)
bool(true)
after shutdown: the pool is shutting down
bad bootstrap: nope.php does not exist
string(2) "HI"
end
